[2026-08-07 14:51:01,103] [INFO] Инициализация MainWindow FaceBlur Studio v1.1.16
[2026-08-07 14:51:04,790] [INFO] Нажата кнопка выбора видеофайла.
[2026-08-07 14:51:08,700] [INFO] Выбран видеофайл: /Users/sirdimitry/Downloads/autoBlureStudio/6 кадров_.mp4
[2026-08-07 14:51:08,700] [INFO] Сброс масштаба и панорамирования холста.
[2026-08-07 14:51:09,022] [INFO] Видео успешно загружено. Кадров в памяти: 1131
[2026-08-07 14:51:11,774] [INFO] Нажата кнопка запуска анализа видео.
[2026-08-07 14:51:11,774] [INFO] Фоновый поток детекции запущен.
[2026-08-07 14:51:11,775] [INFO] Загрузка модели детектора из: /Users/sirdimitry/Documents/Python/QA/FaceBlur/yolov8s-face.pt
[2026-08-07 14:51:57,290] [INFO] Детекция кадров завершена успешно.
[2026-08-07 14:51:57,314] [INFO] Обработка завершения анализа в UI потоке.
[2026-08-07 14:51:57,317] [INFO] Собрано уникальных лиц: 30
[2026-08-07 14:51:57,317] [INFO] Отрисовка галереи найденных объектов...
[2026-08-07 14:52:35,145] [INFO] Изменена сила размытия: 28%
[2026-08-07 14:52:35,415] [INFO] Изменена сила размытия: 28%
[2026-08-07 14:52:35,432] [INFO] Изменена сила размытия: 29%
[2026-08-07 14:52:35,468] [INFO] Изменена сила размытия: 30%
[2026-08-07 14:52:35,487] [INFO] Изменена сила размытия: 32%
[2026-08-07 14:52:35,528] [INFO] Изменена сила размытия: 34%
[2026-08-07 14:52:35,549] [INFO] Изменена сила размытия: 35%
[2026-08-07 14:52:35,589] [INFO] Изменена сила размытия: 37%
[2026-08-07 14:52:35,612] [INFO] Изменена сила размытия: 39%
[2026-08-07 14:52:35,653] [INFO] Изменена сила размытия: 42%
[2026-08-07 14:52:35,680] [INFO] Изменена сила размытия: 42%
[2026-08-07 14:52:35,724] [INFO] Изменена сила размытия: 43%
[2026-08-07 14:52:36,870] [INFO] Изменен размер маски: 19%
[2026-08-07 14:52:37,074] [INFO] Изменен размер маски: 20%
[2026-08-07 14:52:37,102] [INFO] Изменен размер маски: 21%
[2026-08-07 14:52:37,152] [INFO] Изменен размер маски: 25%
[2026-08-07 14:52:37,183] [INFO] Изменен размер маски: 27%
[2026-08-07 14:52:37,231] [INFO] Изменен размер маски: 29%
[2026-08-07 14:52:37,263] [INFO] Изменен размер маски: 29%
[2026-08-07 14:52:37,312] [INFO] Изменен размер маски: 30%
[2026-08-07 14:52:37,344] [INFO] Изменен размер маски: 30%
[2026-08-07 14:52:37,396] [INFO] Изменен размер маски: 31%
[2026-08-07 14:52:45,820] [INFO] Состояние плеера изменено: PLAY
[2026-08-07 14:52:47,619] [INFO] Состояние плеера изменено: PAUSE
[2026-08-07 14:55:39,930] [INFO] Закрытие приложения пользователем.
[2026-08-07 14:56:53,793] [INFO] [main_window.py:33] Инициализация MainWindow FaceBlur Studio v1.1.17
[2026-08-07 14:57:04,872] [INFO] [main_window.py:751] Событие: Нажата кнопка '+ Выбрать видео'.
[2026-08-07 14:57:08,448] [INFO] [main_window.py:767] Пользователь выбрал файл: /Users/sirdimitry/Downloads/autoBlureStudio/6 кадров_.mp4
[2026-08-07 14:57:08,448] [INFO] [main_window.py:609] Событие: Сброс зума холста.
[2026-08-07 14:57:08,448] [INFO] [main_window.py:901] Очистка UI галереи объектов...
[2026-08-07 14:57:08,772] [INFO] [main_window.py:787] Видео ридер инициализирован успешно. Всего кадров в памяти: 1131
[2026-08-07 14:57:10,726] [INFO] [main_window.py:906] Событие: Нажата кнопка 'Анализировать' (⚡).
[2026-08-07 14:57:10,727] [INFO] [main_window.py:901] Очистка UI галереи объектов...
[2026-08-07 14:57:10,727] [INFO] [main_window.py:921] Фоновый поток анализа: старт детекции лиц.
[2026-08-07 14:57:10,727] [INFO] [main_window.py:924] Загрузка весов YOLOv8 из: /Users/sirdimitry/Documents/Python/QA/FaceBlur/yolov8s-face.pt
[2026-08-07 14:57:55,910] [INFO] [main_window.py:941] Детекция завершена. Всего обработано кадров: 1131
[2026-08-07 14:57:55,929] [INFO] [main_window.py:1007] UI: Анализ завершен, обновление элементов интерфейса...
[2026-08-07 14:57:55,929] [INFO] [main_window.py:952] Начало построения словаря unique_faces из кэша детекции...
[2026-08-07 14:57:55,929] [INFO] [main_window.py:998] Добавлено уникальное лицо ID #1 (crop shape: (97, 89, 3))
[2026-08-07 14:57:55,929] [INFO] [main_window.py:998] Добавлено уникальное лицо ID #2 (crop shape: (140, 105, 3))
[2026-08-07 14:57:55,929] [INFO] [main_window.py:998] Добавлено уникальное лицо ID #3 (crop shape: (93, 78, 3))
[2026-08-07 14:57:55,929] [INFO] [main_window.py:998] Добавлено уникальное лицо ID #4 (crop shape: (81, 62, 3))
[2026-08-07 14:57:55,929] [INFO] [main_window.py:998] Добавлено уникальное лицо ID #5 (crop shape: (58, 48, 3))
[2026-08-07 14:57:55,929] [INFO] [main_window.py:998] Добавлено уникальное лицо ID #6 (crop shape: (57, 49, 3))
[2026-08-07 14:57:55,929] [INFO] [main_window.py:998] Добавлено уникальное лицо ID #7 (crop shape: (43, 36, 3))
[2026-08-07 14:57:55,930] [INFO] [main_window.py:998] Добавлено уникальное лицо ID #8 (crop shape: (66, 46, 3))
[2026-08-07 14:57:55,930] [INFO] [main_window.py:998] Добавлено уникальное лицо ID #9 (crop shape: (61, 56, 3))
[2026-08-07 14:57:55,930] [INFO] [main_window.py:998] Добавлено уникальное лицо ID #10 (crop shape: (37, 34, 3))
[2026-08-07 14:57:55,930] [INFO] [main_window.py:998] Добавлено уникальное лицо ID #15 (crop shape: (40, 29, 3))
[2026-08-07 14:57:55,930] [INFO] [main_window.py:998] Добавлено уникальное лицо ID #16 (crop shape: (36, 26, 3))
[2026-08-07 14:57:55,930] [INFO] [main_window.py:998] Добавлено уникальное лицо ID #18 (crop shape: (56, 31, 3))
[2026-08-07 14:57:55,930] [INFO] [main_window.py:998] Добавлено уникальное лицо ID #20 (crop shape: (36, 27, 3))
[2026-08-07 14:57:55,930] [INFO] [main_window.py:998] Добавлено уникальное лицо ID #21 (crop shape: (49, 37, 3))
[2026-08-07 14:57:55,930] [INFO] [main_window.py:998] Добавлено уникальное лицо ID #22 (crop shape: (64, 25, 3))
[2026-08-07 14:57:55,930] [INFO] [main_window.py:998] Добавлено уникальное лицо ID #23 (crop shape: (26, 25, 3))
[2026-08-07 14:57:55,930] [INFO] [main_window.py:998] Добавлено уникальное лицо ID #27 (crop shape: (27, 23, 3))
[2026-08-07 14:57:55,930] [INFO] [main_window.py:998] Добавлено уникальное лицо ID #28 (crop shape: (49, 36, 3))
[2026-08-07 14:57:55,930] [INFO] [main_window.py:998] Добавлено уникальное лицо ID #30 (crop shape: (57, 50, 3))
[2026-08-07 14:57:55,931] [INFO] [main_window.py:998] Добавлено уникальное лицо ID #31 (crop shape: (42, 30, 3))
[2026-08-07 14:57:55,931] [INFO] [main_window.py:998] Добавлено уникальное лицо ID #32 (crop shape: (60, 52, 3))
[2026-08-07 14:57:55,931] [INFO] [main_window.py:998] Добавлено уникальное лицо ID #34 (crop shape: (61, 51, 3))
[2026-08-07 14:57:55,931] [INFO] [main_window.py:998] Добавлено уникальное лицо ID #36 (crop shape: (47, 33, 3))
[2026-08-07 14:57:55,931] [INFO] [main_window.py:998] Добавлено уникальное лицо ID #37 (crop shape: (66, 57, 3))
[2026-08-07 14:57:55,931] [INFO] [main_window.py:998] Добавлено уникальное лицо ID #38 (crop shape: (44, 32, 3))
[2026-08-07 14:57:55,931] [INFO] [main_window.py:998] Добавлено уникальное лицо ID #39 (crop shape: (50, 39, 3))
[2026-08-07 14:57:55,932] [INFO] [main_window.py:998] Добавлено уникальное лицо ID #44 (crop shape: (38, 31, 3))
[2026-08-07 14:57:55,932] [INFO] [main_window.py:998] Добавлено уникальное лицо ID #47 (crop shape: (55, 35, 3))
[2026-08-07 14:57:55,932] [INFO] [main_window.py:998] Добавлено уникальное лицо ID #49 (crop shape: (62, 34, 3))
[2026-08-07 14:57:55,932] [INFO] [main_window.py:1004] Всего сырых детектирований: 9887. Уникальных валидных лиц собрано: 30
[2026-08-07 14:57:55,932] [INFO] [main_window.py:1035] Вызов populate_gallery_ui() и show_frame(0)
[2026-08-07 14:57:55,932] [INFO] [main_window.py:901] Очистка UI галереи объектов...
[2026-08-07 14:57:55,932] [INFO] [main_window.py:1045] Начало отрисовки галереи. Объектов к отображению: 30
[2026-08-07 15:02:24,333] [INFO] [main_window.py:358] Вызван метод on_closing. Уничтожение приложения.
[2026-08-07 15:02:24,334] [INFO] [main_window.py:901] Очистка UI галереи объектов...

******************** 15:04 07.08.2026 ********************
[2026-08-07 15:04:14,021] [INFO] [main_window.py:40] Инициализация MainWindow FaceBlur Studio v1.1.18
[2026-08-07 15:04:24,556] [INFO] [main_window.py:758] Событие: Нажата кнопка '+ Выбрать видео'.
[2026-08-07 15:04:28,514] [INFO] [main_window.py:774] Пользователь выбрал файл: /Users/sirdimitry/Downloads/autoBlureStudio/6 кадров_.mp4
[2026-08-07 15:04:28,515] [INFO] [main_window.py:616] Событие: Сброс зума холста.
[2026-08-07 15:04:28,516] [INFO] [main_window.py:908] Очистка UI галереи объектов...
[2026-08-07 15:04:30,007] [INFO] [main_window.py:794] Видео ридер инициализирован успешно. Всего кадров в памяти: 1131
[2026-08-07 15:04:34,860] [INFO] [main_window.py:913] Событие: Нажата кнопка 'Анализировать' (⚡).
[2026-08-07 15:04:34,861] [INFO] [main_window.py:908] Очистка UI галереи объектов...
[2026-08-07 15:04:34,861] [INFO] [main_window.py:928] Фоновый поток анализа: старт детекции лиц.
[2026-08-07 15:04:34,861] [INFO] [main_window.py:931] Загрузка весов YOLOv8 из: /Users/sirdimitry/Documents/Python/QA/FaceBlur/yolov8s-face.pt
[2026-08-07 15:05:22,279] [INFO] [main_window.py:948] Детекция завершена. Всего обработано кадров: 1131
[2026-08-07 15:05:22,297] [INFO] [main_window.py:1014] UI: Анализ завершен, обновление элементов интерфейса...
[2026-08-07 15:05:22,298] [INFO] [main_window.py:959] Начало построения словаря unique_faces из кэша детекции...
[2026-08-07 15:05:22,298] [INFO] [main_window.py:1005] Добавлено уникальное лицо ID #1 (crop shape: (97, 89, 3))
[2026-08-07 15:05:22,298] [INFO] [main_window.py:1005] Добавлено уникальное лицо ID #2 (crop shape: (140, 105, 3))
[2026-08-07 15:05:22,298] [INFO] [main_window.py:1005] Добавлено уникальное лицо ID #3 (crop shape: (93, 78, 3))
[2026-08-07 15:05:22,298] [INFO] [main_window.py:1005] Добавлено уникальное лицо ID #4 (crop shape: (81, 62, 3))
[2026-08-07 15:05:22,298] [INFO] [main_window.py:1005] Добавлено уникальное лицо ID #5 (crop shape: (58, 48, 3))
[2026-08-07 15:05:22,298] [INFO] [main_window.py:1005] Добавлено уникальное лицо ID #6 (crop shape: (57, 49, 3))
[2026-08-07 15:05:22,298] [INFO] [main_window.py:1005] Добавлено уникальное лицо ID #7 (crop shape: (43, 36, 3))
[2026-08-07 15:05:22,298] [INFO] [main_window.py:1005] Добавлено уникальное лицо ID #8 (crop shape: (66, 46, 3))
[2026-08-07 15:05:22,298] [INFO] [main_window.py:1005] Добавлено уникальное лицо ID #9 (crop shape: (61, 56, 3))
[2026-08-07 15:05:22,298] [INFO] [main_window.py:1005] Добавлено уникальное лицо ID #10 (crop shape: (37, 34, 3))
[2026-08-07 15:05:22,298] [INFO] [main_window.py:1005] Добавлено уникальное лицо ID #15 (crop shape: (40, 29, 3))
[2026-08-07 15:05:22,298] [INFO] [main_window.py:1005] Добавлено уникальное лицо ID #16 (crop shape: (36, 26, 3))
[2026-08-07 15:05:22,298] [INFO] [main_window.py:1005] Добавлено уникальное лицо ID #18 (crop shape: (56, 31, 3))
[2026-08-07 15:05:22,298] [INFO] [main_window.py:1005] Добавлено уникальное лицо ID #20 (crop shape: (36, 27, 3))
[2026-08-07 15:05:22,299] [INFO] [main_window.py:1005] Добавлено уникальное лицо ID #21 (crop shape: (49, 37, 3))
[2026-08-07 15:05:22,299] [INFO] [main_window.py:1005] Добавлено уникальное лицо ID #22 (crop shape: (64, 25, 3))
[2026-08-07 15:05:22,299] [INFO] [main_window.py:1005] Добавлено уникальное лицо ID #23 (crop shape: (26, 25, 3))
[2026-08-07 15:05:22,299] [INFO] [main_window.py:1005] Добавлено уникальное лицо ID #27 (crop shape: (27, 23, 3))
[2026-08-07 15:05:22,299] [INFO] [main_window.py:1005] Добавлено уникальное лицо ID #28 (crop shape: (49, 36, 3))
[2026-08-07 15:05:22,299] [INFO] [main_window.py:1005] Добавлено уникальное лицо ID #30 (crop shape: (57, 50, 3))
[2026-08-07 15:05:22,299] [INFO] [main_window.py:1005] Добавлено уникальное лицо ID #31 (crop shape: (42, 30, 3))
[2026-08-07 15:05:22,299] [INFO] [main_window.py:1005] Добавлено уникальное лицо ID #32 (crop shape: (60, 52, 3))
[2026-08-07 15:05:22,299] [INFO] [main_window.py:1005] Добавлено уникальное лицо ID #34 (crop shape: (61, 51, 3))
[2026-08-07 15:05:22,299] [INFO] [main_window.py:1005] Добавлено уникальное лицо ID #36 (crop shape: (47, 33, 3))
[2026-08-07 15:05:22,300] [INFO] [main_window.py:1005] Добавлено уникальное лицо ID #37 (crop shape: (66, 57, 3))
[2026-08-07 15:05:22,300] [INFO] [main_window.py:1005] Добавлено уникальное лицо ID #38 (crop shape: (44, 32, 3))
[2026-08-07 15:05:22,300] [INFO] [main_window.py:1005] Добавлено уникальное лицо ID #39 (crop shape: (50, 39, 3))
[2026-08-07 15:05:22,300] [INFO] [main_window.py:1005] Добавлено уникальное лицо ID #44 (crop shape: (38, 31, 3))
[2026-08-07 15:05:22,300] [INFO] [main_window.py:1005] Добавлено уникальное лицо ID #47 (crop shape: (55, 35, 3))
[2026-08-07 15:05:22,300] [INFO] [main_window.py:1005] Добавлено уникальное лицо ID #49 (crop shape: (62, 34, 3))
[2026-08-07 15:05:22,300] [INFO] [main_window.py:1011] Всего сырых детектирований: 9887. Уникальных валидных лиц собрано: 30
[2026-08-07 15:05:22,301] [INFO] [main_window.py:1042] Вызов populate_gallery_ui() и show_frame(0)
[2026-08-07 15:05:22,301] [INFO] [main_window.py:908] Очистка UI галереи объектов...
[2026-08-07 15:05:22,301] [INFO] [main_window.py:1052] Начало пакетной отрисовки галереи. Всего объектов: 30
[2026-08-07 15:05:22,301] [ERROR] [main_window.py:1107] Ошибка в процессе пакетного рендеринга галереи: Too early to use font: no default root window
Traceback (most recent call last):
  File "/Users/sirdimitry/Documents/Python/QA/FaceBlur/ui/main_window.py", line 1077, in _render_gallery_batch
    lbl_img = ctk.CTkLabel(row, image=ctk_img, text="", width=32, height=32)
              ^^^^^^^^^^^^^^^^^^^^^^^^^^^^^^^^^^^^^^^^^^^^^^^^^^^^^^^^^^^^^^
  File "/Users/sirdimitry/Documents/Python/QA/FaceBlur/venv/lib/python3.12/site-packages/customtkinter/windows/widgets/ctk_label.py", line 92, in __init__
    self._font = CTkFont() if font is None else self._check_font_type(font)
                 ^^^^^^^^^
  File "/Users/sirdimitry/Documents/Python/QA/FaceBlur/venv/lib/python3.12/site-packages/customtkinter/windows/widgets/font/ctk_font.py", line 39, in __init__
    super().__init__(family=ThemeManager.theme["CTkFont"]["family"] if family is None else family,
  File "/Library/Frameworks/Python.framework/Versions/3.12/lib/python3.12/tkinter/font.py", line 72, in __init__
    root = tkinter._get_default_root('use font')
           ^^^^^^^^^^^^^^^^^^^^^^^^^^^^^^^^^^^^^
  File "/Library/Frameworks/Python.framework/Versions/3.12/lib/python3.12/tkinter/__init__.py", line 323, in _get_default_root
    raise RuntimeError(f"Too early to {what}: no default root window")
RuntimeError: Too early to use font: no default root window
[2026-08-07 15:05:56,815] [INFO] [main_window.py:513] Событие: Двойной клик на холсте [x=204, y=272]. Текущий кадр: 0
[2026-08-07 15:05:56,815] [INFO] [main_window.py:559] Двойной клик попал на объект ID #2. Переключение состояния блюра.
[2026-08-07 15:05:56,815] [INFO] [main_window.py:1114] Переключение состояния блюра для ID #2: ВЫКЛ
[2026-08-07 15:05:56,844] [INFO] [main_window.py:908] Очистка UI галереи объектов...
[2026-08-07 15:05:57,623] [INFO] [main_window.py:513] Событие: Двойной клик на холсте [x=204, y=272]. Текущий кадр: 0
[2026-08-07 15:05:57,623] [INFO] [main_window.py:559] Двойной клик попал на объект ID #2. Переключение состояния блюра.
[2026-08-07 15:05:57,623] [INFO] [main_window.py:1114] Переключение состояния блюра для ID #2: ВКЛ
[2026-08-07 15:05:57,662] [INFO] [main_window.py:908] Очистка UI галереи объектов...
[2026-08-07 15:06:11,032] [INFO] [main_window.py:513] Событие: Двойной клик на холсте [x=203, y=278]. Текущий кадр: 0
[2026-08-07 15:06:11,032] [INFO] [main_window.py:559] Двойной клик попал на объект ID #2. Переключение состояния блюра.
[2026-08-07 15:06:11,032] [INFO] [main_window.py:1114] Переключение состояния блюра для ID #2: ВЫКЛ
[2026-08-07 15:06:11,060] [INFO] [main_window.py:908] Очистка UI галереи объектов...
[2026-08-07 15:06:16,408] [INFO] [main_window.py:513] Событие: Двойной клик на холсте [x=185, y=305]. Текущий кадр: 0
[2026-08-07 15:06:16,408] [INFO] [main_window.py:559] Двойной клик попал на объект ID #2. Переключение состояния блюра.
[2026-08-07 15:06:16,408] [INFO] [main_window.py:1114] Переключение состояния блюра для ID #2: ВКЛ
[2026-08-07 15:06:16,449] [INFO] [main_window.py:908] Очистка UI галереи объектов...
[2026-08-07 15:06:16,450] [INFO] [main_window.py:513] Событие: Двойной клик на холсте [x=185, y=305]. Текущий кадр: 0
[2026-08-07 15:06:16,450] [INFO] [main_window.py:559] Двойной клик попал на объект ID #2. Переключение состояния блюра.
[2026-08-07 15:06:16,450] [INFO] [main_window.py:1114] Переключение состояния блюра для ID #2: ВЫКЛ
[2026-08-07 15:06:16,477] [INFO] [main_window.py:908] Очистка UI галереи объектов...
[2026-08-07 15:06:18,664] [INFO] [main_window.py:513] Событие: Двойной клик на холсте [x=47, y=279]. Текущий кадр: 0
[2026-08-07 15:06:18,665] [INFO] [main_window.py:559] Двойной клик попал на объект ID #3. Переключение состояния блюра.
[2026-08-07 15:06:18,665] [INFO] [main_window.py:1114] Переключение состояния блюра для ID #3: ВЫКЛ
[2026-08-07 15:06:18,686] [INFO] [main_window.py:908] Очистка UI галереи объектов...
[2026-08-07 15:09:38,964] [INFO] [main_window.py:365] Вызван метод on_closing. Уничтожение приложения.
[2026-08-07 15:09:38,965] [INFO] [main_window.py:908] Очистка UI галереи объектов...

******************** 15:09 07.08.2026 ********************
[2026-08-07 15:09:53,933] [INFO] [main_window.py:47] Инициализация MainWindow FaceBlur Studio v1.1.19
[2026-08-07 15:09:57,696] [INFO] [main_window.py:768] Событие: Нажата кнопка '+ Выбрать видео'.
[2026-08-07 15:10:01,347] [INFO] [main_window.py:784] Пользователь выбрал файл: /Users/sirdimitry/Downloads/autoBlureStudio/6 кадров_.mp4
[2026-08-07 15:10:01,348] [INFO] [main_window.py:626] Событие: Сброс зума холста.
[2026-08-07 15:10:01,348] [INFO] [main_window.py:918] Очистка UI галереи объектов...
[2026-08-07 15:10:01,678] [INFO] [main_window.py:804] Видео ридер инициализирован успешно. Всего кадров в памяти: 1131
[2026-08-07 15:10:03,642] [INFO] [main_window.py:923] Событие: Нажата кнопка 'Анализировать' (⚡).
[2026-08-07 15:10:03,642] [INFO] [main_window.py:918] Очистка UI галереи объектов...
[2026-08-07 15:10:03,642] [INFO] [main_window.py:938] Фоновый поток анализа: старт детекции лиц.
[2026-08-07 15:10:03,642] [INFO] [main_window.py:941] Загрузка весов YOLOv8 из: /Users/sirdimitry/Documents/Python/QA/FaceBlur/yolov8s-face.pt
[2026-08-07 15:10:48,825] [INFO] [main_window.py:958] Детекция завершена. Всего обработано кадров: 1131
[2026-08-07 15:10:48,842] [INFO] [main_window.py:1024] UI: Анализ завершен, обновление элементов интерфейса...
[2026-08-07 15:10:48,843] [INFO] [main_window.py:969] Начало построения словаря unique_faces из кэша детекции...
[2026-08-07 15:10:48,843] [INFO] [main_window.py:1015] Добавлено уникальное лицо ID #1 (crop shape: (97, 89, 3))
[2026-08-07 15:10:48,843] [INFO] [main_window.py:1015] Добавлено уникальное лицо ID #2 (crop shape: (140, 105, 3))
[2026-08-07 15:10:48,843] [INFO] [main_window.py:1015] Добавлено уникальное лицо ID #3 (crop shape: (93, 78, 3))
[2026-08-07 15:10:48,843] [INFO] [main_window.py:1015] Добавлено уникальное лицо ID #4 (crop shape: (81, 62, 3))
[2026-08-07 15:10:48,843] [INFO] [main_window.py:1015] Добавлено уникальное лицо ID #5 (crop shape: (58, 48, 3))
[2026-08-07 15:10:48,843] [INFO] [main_window.py:1015] Добавлено уникальное лицо ID #6 (crop shape: (57, 49, 3))
[2026-08-07 15:10:48,843] [INFO] [main_window.py:1015] Добавлено уникальное лицо ID #7 (crop shape: (43, 36, 3))
[2026-08-07 15:10:48,843] [INFO] [main_window.py:1015] Добавлено уникальное лицо ID #8 (crop shape: (66, 46, 3))
[2026-08-07 15:10:48,843] [INFO] [main_window.py:1015] Добавлено уникальное лицо ID #9 (crop shape: (61, 56, 3))
[2026-08-07 15:10:48,843] [INFO] [main_window.py:1015] Добавлено уникальное лицо ID #10 (crop shape: (37, 34, 3))
[2026-08-07 15:10:48,843] [INFO] [main_window.py:1015] Добавлено уникальное лицо ID #15 (crop shape: (40, 29, 3))
[2026-08-07 15:10:48,844] [INFO] [main_window.py:1015] Добавлено уникальное лицо ID #16 (crop shape: (36, 26, 3))
[2026-08-07 15:10:48,844] [INFO] [main_window.py:1015] Добавлено уникальное лицо ID #18 (crop shape: (56, 31, 3))
[2026-08-07 15:10:48,844] [INFO] [main_window.py:1015] Добавлено уникальное лицо ID #20 (crop shape: (36, 27, 3))
[2026-08-07 15:10:48,844] [INFO] [main_window.py:1015] Добавлено уникальное лицо ID #21 (crop shape: (49, 37, 3))
[2026-08-07 15:10:48,844] [INFO] [main_window.py:1015] Добавлено уникальное лицо ID #22 (crop shape: (64, 25, 3))
[2026-08-07 15:10:48,844] [INFO] [main_window.py:1015] Добавлено уникальное лицо ID #23 (crop shape: (26, 25, 3))
[2026-08-07 15:10:48,844] [INFO] [main_window.py:1015] Добавлено уникальное лицо ID #27 (crop shape: (27, 23, 3))
[2026-08-07 15:10:48,844] [INFO] [main_window.py:1015] Добавлено уникальное лицо ID #28 (crop shape: (49, 36, 3))
[2026-08-07 15:10:48,844] [INFO] [main_window.py:1015] Добавлено уникальное лицо ID #30 (crop shape: (57, 50, 3))
[2026-08-07 15:10:48,844] [INFO] [main_window.py:1015] Добавлено уникальное лицо ID #31 (crop shape: (42, 30, 3))
[2026-08-07 15:10:48,844] [INFO] [main_window.py:1015] Добавлено уникальное лицо ID #32 (crop shape: (60, 52, 3))
[2026-08-07 15:10:48,845] [INFO] [main_window.py:1015] Добавлено уникальное лицо ID #34 (crop shape: (61, 51, 3))
[2026-08-07 15:10:48,845] [INFO] [main_window.py:1015] Добавлено уникальное лицо ID #36 (crop shape: (47, 33, 3))
[2026-08-07 15:10:48,845] [INFO] [main_window.py:1015] Добавлено уникальное лицо ID #37 (crop shape: (66, 57, 3))
[2026-08-07 15:10:48,845] [INFO] [main_window.py:1015] Добавлено уникальное лицо ID #38 (crop shape: (44, 32, 3))
[2026-08-07 15:10:48,845] [INFO] [main_window.py:1015] Добавлено уникальное лицо ID #39 (crop shape: (50, 39, 3))
[2026-08-07 15:10:48,845] [INFO] [main_window.py:1015] Добавлено уникальное лицо ID #44 (crop shape: (38, 31, 3))
[2026-08-07 15:10:48,845] [INFO] [main_window.py:1015] Добавлено уникальное лицо ID #47 (crop shape: (55, 35, 3))
[2026-08-07 15:10:48,846] [INFO] [main_window.py:1015] Добавлено уникальное лицо ID #49 (crop shape: (62, 34, 3))
[2026-08-07 15:10:48,846] [INFO] [main_window.py:1021] Всего сырых детектирований: 9887. Уникальных валидных лиц собрано: 30
[2026-08-07 15:10:48,846] [INFO] [main_window.py:1052] Вызов populate_gallery_ui() и show_frame(0)
[2026-08-07 15:10:48,846] [INFO] [main_window.py:918] Очистка UI галереи объектов...
[2026-08-07 15:10:48,846] [INFO] [main_window.py:1062] Начало пакетной отрисовки галереи. Всего объектов: 30
[2026-08-07 15:10:48,847] [ERROR] [main_window.py:1114] Ошибка в процессе пакетного рендеринга галереи: Too early to create image: no default root window
Traceback (most recent call last):
  File "/Users/sirdimitry/Documents/Python/QA/FaceBlur/ui/main_window.py", line 1085, in _render_gallery_batch
    lbl_img = ctk.CTkLabel(row, image=ctk_img, text="", width=32, height=32, font=self.gallery_font)
              ^^^^^^^^^^^^^^^^^^^^^^^^^^^^^^^^^^^^^^^^^^^^^^^^^^^^^^^^^^^^^^^^^^^^^^^^^^^^^^^^^^^^^^
  File "/Users/sirdimitry/Documents/Python/QA/FaceBlur/venv/lib/python3.12/site-packages/customtkinter/windows/widgets/ctk_label.py", line 122, in __init__
    self._update_image()
  File "/Users/sirdimitry/Documents/Python/QA/FaceBlur/venv/lib/python3.12/site-packages/customtkinter/windows/widgets/ctk_label.py", line 159, in _update_image
    self._label.configure(image=self._image.create_scaled_photo_image(self._get_widget_scaling(),
                                ^^^^^^^^^^^^^^^^^^^^^^^^^^^^^^^^^^^^^^^^^^^^^^^^^^^^^^^^^^^^^^^^^
  File "/Users/sirdimitry/Documents/Python/QA/FaceBlur/venv/lib/python3.12/site-packages/customtkinter/windows/widgets/image/ctk_image.py", line 120, in create_scaled_photo_image
    return self._get_scaled_dark_photo_image(scaled_size)
           ^^^^^^^^^^^^^^^^^^^^^^^^^^^^^^^^^^^^^^^^^^^^^^
  File "/Users/sirdimitry/Documents/Python/QA/FaceBlur/venv/lib/python3.12/site-packages/customtkinter/windows/widgets/image/ctk_image.py", line 108, in _get_scaled_dark_photo_image
    self._scaled_dark_photo_images[scaled_size] = ImageTk.PhotoImage(self._dark_image.resize(scaled_size))
                                                  ^^^^^^^^^^^^^^^^^^^^^^^^^^^^^^^^^^^^^^^^^^^^^^^^^^^^^^^^
  File "/Users/sirdimitry/Documents/Python/QA/FaceBlur/venv/lib/python3.12/site-packages/PIL/ImageTk.py", line 129, in __init__
    self.__photo = tkinter.PhotoImage(**kw)
                   ^^^^^^^^^^^^^^^^^^^^^^^^
  File "/Library/Frameworks/Python.framework/Versions/3.12/lib/python3.12/tkinter/__init__.py", line 4162, in __init__
    Image.__init__(self, 'photo', name, cnf, master, **kw)
  File "/Library/Frameworks/Python.framework/Versions/3.12/lib/python3.12/tkinter/__init__.py", line 4099, in __init__
    master = _get_default_root('create image')
             ^^^^^^^^^^^^^^^^^^^^^^^^^^^^^^^^^
  File "/Library/Frameworks/Python.framework/Versions/3.12/lib/python3.12/tkinter/__init__.py", line 323, in _get_default_root
    raise RuntimeError(f"Too early to {what}: no default root window")
RuntimeError: Too early to create image: no default root window
[2026-08-07 15:13:05,427] [INFO] [main_window.py:375] Вызван метод on_closing. Уничтожение приложения.
[2026-08-07 15:13:05,428] [INFO] [main_window.py:918] Очистка UI галереи объектов...

******************** 15:14:58 07.08.2026 ********************
[2026-08-07 15:14:58,465] [INFO] [main_window.py:47] Инициализация MainWindow FaceBlur Studio v1.1.20
[2026-08-07 15:15:02,015] [INFO] [main_window.py:769] Событие: Нажата кнопка '+ Выбрать видео'.
[2026-08-07 15:15:05,540] [INFO] [main_window.py:785] Пользователь выбрал файл: /Users/sirdimitry/Downloads/autoBlureStudio/6 кадров_.mp4
[2026-08-07 15:15:05,541] [INFO] [main_window.py:627] Событие: Сброс зума холста.
[2026-08-07 15:15:05,541] [INFO] [main_window.py:919] Очистка UI галереи объектов...
[2026-08-07 15:15:05,877] [INFO] [main_window.py:805] Видео ридер инициализирован успешно. Всего кадров в памяти: 1131
[2026-08-07 15:15:07,748] [INFO] [main_window.py:925] Событие: Нажата кнопка 'Анализировать' (⚡).
[2026-08-07 15:15:07,749] [INFO] [main_window.py:919] Очистка UI галереи объектов...
[2026-08-07 15:15:07,749] [INFO] [main_window.py:940] Фоновый поток анализа: старт детекции лиц.
[2026-08-07 15:15:07,749] [INFO] [main_window.py:943] Загрузка весов YOLOv8 из: /Users/sirdimitry/Documents/Python/QA/FaceBlur/yolov8s-face.pt
[2026-08-07 15:15:52,260] [INFO] [main_window.py:960] Детекция завершена. Всего обработано кадров: 1131
[2026-08-07 15:15:52,279] [INFO] [main_window.py:1025] UI: Анализ завершен, обновление элементов интерфейса...
[2026-08-07 15:15:52,280] [INFO] [main_window.py:971] Начало построения словаря unique_faces из кэша детекции...
[2026-08-07 15:15:52,280] [INFO] [main_window.py:1016] Добавлено уникальное лицо ID #1 (crop shape: (97, 89, 3))
[2026-08-07 15:15:52,280] [INFO] [main_window.py:1016] Добавлено уникальное лицо ID #2 (crop shape: (140, 105, 3))
[2026-08-07 15:15:52,280] [INFO] [main_window.py:1016] Добавлено уникальное лицо ID #3 (crop shape: (93, 78, 3))
[2026-08-07 15:15:52,280] [INFO] [main_window.py:1016] Добавлено уникальное лицо ID #4 (crop shape: (81, 62, 3))
[2026-08-07 15:15:52,280] [INFO] [main_window.py:1016] Добавлено уникальное лицо ID #5 (crop shape: (58, 48, 3))
[2026-08-07 15:15:52,280] [INFO] [main_window.py:1016] Добавлено уникальное лицо ID #6 (crop shape: (57, 49, 3))
[2026-08-07 15:15:52,280] [INFO] [main_window.py:1016] Добавлено уникальное лицо ID #7 (crop shape: (43, 36, 3))
[2026-08-07 15:15:52,280] [INFO] [main_window.py:1016] Добавлено уникальное лицо ID #8 (crop shape: (66, 46, 3))
[2026-08-07 15:15:52,280] [INFO] [main_window.py:1016] Добавлено уникальное лицо ID #9 (crop shape: (61, 56, 3))
[2026-08-07 15:15:52,280] [INFO] [main_window.py:1016] Добавлено уникальное лицо ID #10 (crop shape: (37, 34, 3))
[2026-08-07 15:15:52,280] [INFO] [main_window.py:1016] Добавлено уникальное лицо ID #15 (crop shape: (40, 29, 3))
[2026-08-07 15:15:52,280] [INFO] [main_window.py:1016] Добавлено уникальное лицо ID #16 (crop shape: (36, 26, 3))
[2026-08-07 15:15:52,280] [INFO] [main_window.py:1016] Добавлено уникальное лицо ID #18 (crop shape: (56, 31, 3))
[2026-08-07 15:15:52,280] [INFO] [main_window.py:1016] Добавлено уникальное лицо ID #20 (crop shape: (36, 27, 3))
[2026-08-07 15:15:52,281] [INFO] [main_window.py:1016] Добавлено уникальное лицо ID #21 (crop shape: (49, 37, 3))
[2026-08-07 15:15:52,281] [INFO] [main_window.py:1016] Добавлено уникальное лицо ID #22 (crop shape: (64, 25, 3))
[2026-08-07 15:15:52,281] [INFO] [main_window.py:1016] Добавлено уникальное лицо ID #23 (crop shape: (26, 25, 3))
[2026-08-07 15:15:52,281] [INFO] [main_window.py:1016] Добавлено уникальное лицо ID #27 (crop shape: (27, 23, 3))
[2026-08-07 15:15:52,281] [INFO] [main_window.py:1016] Добавлено уникальное лицо ID #28 (crop shape: (49, 36, 3))
[2026-08-07 15:15:52,281] [INFO] [main_window.py:1016] Добавлено уникальное лицо ID #30 (crop shape: (57, 50, 3))
[2026-08-07 15:15:52,281] [INFO] [main_window.py:1016] Добавлено уникальное лицо ID #31 (crop shape: (42, 30, 3))
[2026-08-07 15:15:52,281] [INFO] [main_window.py:1016] Добавлено уникальное лицо ID #32 (crop shape: (60, 52, 3))
[2026-08-07 15:15:52,282] [INFO] [main_window.py:1016] Добавлено уникальное лицо ID #34 (crop shape: (61, 51, 3))
[2026-08-07 15:15:52,282] [INFO] [main_window.py:1016] Добавлено уникальное лицо ID #36 (crop shape: (47, 33, 3))
[2026-08-07 15:15:52,282] [INFO] [main_window.py:1016] Добавлено уникальное лицо ID #37 (crop shape: (66, 57, 3))
[2026-08-07 15:15:52,282] [INFO] [main_window.py:1016] Добавлено уникальное лицо ID #38 (crop shape: (44, 32, 3))
[2026-08-07 15:15:52,282] [INFO] [main_window.py:1016] Добавлено уникальное лицо ID #39 (crop shape: (50, 39, 3))
[2026-08-07 15:15:52,282] [INFO] [main_window.py:1016] Добавлено уникальное лицо ID #44 (crop shape: (38, 31, 3))
[2026-08-07 15:15:52,283] [INFO] [main_window.py:1016] Добавлено уникальное лицо ID #47 (crop shape: (55, 35, 3))
[2026-08-07 15:15:52,283] [INFO] [main_window.py:1016] Добавлено уникальное лицо ID #49 (crop shape: (62, 34, 3))
[2026-08-07 15:15:52,283] [INFO] [main_window.py:1022] Всего сырых детектирований: 9887. Уникальных валидных лиц собрано: 30
[2026-08-07 15:15:52,283] [INFO] [main_window.py:1053] Вызов populate_gallery_ui() и show_frame(0)
[2026-08-07 15:15:52,283] [INFO] [main_window.py:919] Очистка UI галереи объектов...
[2026-08-07 15:15:52,283] [INFO] [main_window.py:1063] Начало пакетной отрисовки галереи. Всего объектов: 30
[2026-08-07 15:15:52,285] [INFO] [main_window.py:1107] Батч-рендеринг: успешно создан элемент галереи для ID #1
[2026-08-07 15:15:52,286] [INFO] [main_window.py:1107] Батч-рендеринг: успешно создан элемент галереи для ID #2
[2026-08-07 15:15:52,287] [INFO] [main_window.py:1107] Батч-рендеринг: успешно создан элемент галереи для ID #3
[2026-08-07 15:15:52,288] [INFO] [main_window.py:1107] Батч-рендеринг: успешно создан элемент галереи для ID #4
[2026-08-07 15:15:52,288] [INFO] [main_window.py:1107] Батч-рендеринг: успешно создан элемент галереи для ID #5
[2026-08-07 15:15:52,312] [INFO] [main_window.py:1107] Батч-рендеринг: успешно создан элемент галереи для ID #6
[2026-08-07 15:15:52,313] [INFO] [main_window.py:1107] Батч-рендеринг: успешно создан элемент галереи для ID #7
[2026-08-07 15:15:52,314] [INFO] [main_window.py:1107] Батч-рендеринг: успешно создан элемент галереи для ID #8
[2026-08-07 15:15:52,314] [INFO] [main_window.py:1107] Батч-рендеринг: успешно создан элемент галереи для ID #9
[2026-08-07 15:15:52,315] [INFO] [main_window.py:1107] Батч-рендеринг: успешно создан элемент галереи для ID #10
[2026-08-07 15:15:52,340] [INFO] [main_window.py:1107] Батч-рендеринг: успешно создан элемент галереи для ID #15
[2026-08-07 15:15:52,341] [INFO] [main_window.py:1107] Батч-рендеринг: успешно создан элемент галереи для ID #16
[2026-08-07 15:15:52,342] [INFO] [main_window.py:1107] Батч-рендеринг: успешно создан элемент галереи для ID #18
[2026-08-07 15:15:52,343] [INFO] [main_window.py:1107] Батч-рендеринг: успешно создан элемент галереи для ID #20
[2026-08-07 15:15:52,343] [INFO] [main_window.py:1107] Батч-рендеринг: успешно создан элемент галереи для ID #21
[2026-08-07 15:15:52,392] [INFO] [main_window.py:1107] Батч-рендеринг: успешно создан элемент галереи для ID #22
[2026-08-07 15:15:52,392] [INFO] [main_window.py:1107] Батч-рендеринг: успешно создан элемент галереи для ID #23
[2026-08-07 15:15:52,393] [INFO] [main_window.py:1107] Батч-рендеринг: успешно создан элемент галереи для ID #27
[2026-08-07 15:15:52,394] [INFO] [main_window.py:1107] Батч-рендеринг: успешно создан элемент галереи для ID #28
[2026-08-07 15:15:52,395] [INFO] [main_window.py:1107] Батч-рендеринг: успешно создан элемент галереи для ID #30
[2026-08-07 15:15:52,423] [INFO] [main_window.py:1107] Батч-рендеринг: успешно создан элемент галереи для ID #31
[2026-08-07 15:15:52,424] [INFO] [main_window.py:1107] Батч-рендеринг: успешно создан элемент галереи для ID #32
[2026-08-07 15:15:52,425] [INFO] [main_window.py:1107] Батч-рендеринг: успешно создан элемент галереи для ID #34
[2026-08-07 15:15:52,425] [INFO] [main_window.py:1107] Батч-рендеринг: успешно создан элемент галереи для ID #36
[2026-08-07 15:15:52,426] [INFO] [main_window.py:1107] Батч-рендеринг: успешно создан элемент галереи для ID #37
[2026-08-07 15:15:52,454] [INFO] [main_window.py:1107] Батч-рендеринг: успешно создан элемент галереи для ID #38
[2026-08-07 15:15:52,455] [INFO] [main_window.py:1107] Батч-рендеринг: успешно создан элемент галереи для ID #39
[2026-08-07 15:15:52,455] [INFO] [main_window.py:1107] Батч-рендеринг: успешно создан элемент галереи для ID #44
[2026-08-07 15:15:52,456] [INFO] [main_window.py:1107] Батч-рендеринг: успешно создан элемент галереи для ID #47
[2026-08-07 15:15:52,457] [INFO] [main_window.py:1107] Батч-рендеринг: успешно создан элемент галереи для ID #49
[2026-08-07 15:15:52,466] [INFO] [main_window.py:1113] Пакетная отрисовка галереи полностью завершена.
[2026-08-07 15:16:07,732] [INFO] [main_window.py:1122] Переключение состояния блюра для ID #6: ВЫКЛ
[2026-08-07 15:16:08,695] [INFO] [main_window.py:1122] Переключение состояния блюра для ID #6: ВКЛ
[2026-08-07 15:16:09,361] [INFO] [main_window.py:1122] Переключение состояния блюра для ID #6: ВЫКЛ
[2026-08-07 15:16:16,166] [INFO] [main_window.py:743] Слайдер: Изменен размер маски -> 32%
[2026-08-07 15:16:16,461] [INFO] [main_window.py:743] Слайдер: Изменен размер маски -> 32%
[2026-08-07 15:16:16,497] [INFO] [main_window.py:743] Слайдер: Изменен размер маски -> 31%
[2026-08-07 15:16:16,573] [INFO] [main_window.py:743] Слайдер: Изменен размер маски -> 30%
[2026-08-07 15:16:16,608] [INFO] [main_window.py:743] Слайдер: Изменен размер маски -> 29%
[2026-08-07 15:16:16,686] [INFO] [main_window.py:743] Слайдер: Изменен размер маски -> 26%
[2026-08-07 15:16:16,720] [INFO] [main_window.py:743] Слайдер: Изменен размер маски -> 24%
[2026-08-07 15:16:16,794] [INFO] [main_window.py:743] Слайдер: Изменен размер маски -> 21%
[2026-08-07 15:16:16,826] [INFO] [main_window.py:743] Слайдер: Изменен размер маски -> 20%
[2026-08-07 15:16:16,899] [INFO] [main_window.py:743] Слайдер: Изменен размер маски -> 19%
[2026-08-07 15:16:16,929] [INFO] [main_window.py:743] Слайдер: Изменен размер маски -> 18%
[2026-08-07 15:16:17,001] [INFO] [main_window.py:743] Слайдер: Изменен размер маски -> 16%
[2026-08-07 15:16:17,030] [INFO] [main_window.py:743] Слайдер: Изменен размер маски -> 15%
[2026-08-07 15:16:17,101] [INFO] [main_window.py:743] Слайдер: Изменен размер маски -> 14%
[2026-08-07 15:16:17,253] [INFO] [main_window.py:743] Слайдер: Изменен размер маски -> 14%
[2026-08-07 15:16:17,281] [INFO] [main_window.py:743] Слайдер: Изменен размер маски -> 14%
[2026-08-07 15:16:17,350] [INFO] [main_window.py:743] Слайдер: Изменен размер маски -> 12%
[2026-08-07 15:16:17,377] [INFO] [main_window.py:743] Слайдер: Изменен размер маски -> 12%
[2026-08-07 15:16:17,447] [INFO] [main_window.py:743] Слайдер: Изменен размер маски -> 11%
[2026-08-07 15:16:17,475] [INFO] [main_window.py:743] Слайдер: Изменен размер маски -> 11%
[2026-08-07 15:16:17,548] [INFO] [main_window.py:743] Слайдер: Изменен размер маски -> 10%
[2026-08-07 15:16:17,652] [INFO] [main_window.py:743] Слайдер: Изменен размер маски -> 8%
[2026-08-07 15:16:17,679] [INFO] [main_window.py:743] Слайдер: Изменен размер маски -> 8%
[2026-08-07 15:16:17,907] [INFO] [main_window.py:743] Слайдер: Изменен размер маски -> 7%
[2026-08-07 15:16:17,933] [INFO] [main_window.py:743] Слайдер: Изменен размер маски -> 7%
[2026-08-07 15:16:18,003] [INFO] [main_window.py:743] Слайдер: Изменен размер маски -> 6%
[2026-08-07 15:16:20,153] [INFO] [main_window.py:734] Слайдер: Изменена сила размытия -> 43%
[2026-08-07 15:16:20,415] [INFO] [main_window.py:734] Слайдер: Изменена сила размытия -> 43%
[2026-08-07 15:16:20,440] [INFO] [main_window.py:734] Слайдер: Изменена сила размытия -> 42%
[2026-08-07 15:16:20,509] [INFO] [main_window.py:734] Слайдер: Изменена сила размытия -> 39%
[2026-08-07 15:16:20,532] [INFO] [main_window.py:734] Слайдер: Изменена сила размытия -> 38%
[2026-08-07 15:16:20,595] [INFO] [main_window.py:734] Слайдер: Изменена сила размытия -> 36%
[2026-08-07 15:16:20,617] [INFO] [main_window.py:734] Слайдер: Изменена сила размытия -> 36%
[2026-08-07 15:16:20,684] [INFO] [main_window.py:734] Слайдер: Изменена сила размытия -> 33%
[2026-08-07 15:16:20,705] [INFO] [main_window.py:734] Слайдер: Изменена сила размытия -> 32%
[2026-08-07 15:16:20,767] [INFO] [main_window.py:734] Слайдер: Изменена сила размытия -> 30%
[2026-08-07 15:16:20,786] [INFO] [main_window.py:734] Слайдер: Изменена сила размытия -> 30%
[2026-08-07 15:16:20,851] [INFO] [main_window.py:734] Слайдер: Изменена сила размытия -> 29%
[2026-08-07 15:16:20,871] [INFO] [main_window.py:734] Слайдер: Изменена сила размытия -> 28%
[2026-08-07 15:16:21,045] [INFO] [main_window.py:734] Слайдер: Изменена сила размытия -> 28%
[2026-08-07 15:16:21,063] [INFO] [main_window.py:734] Слайдер: Изменена сила размытия -> 27%
[2026-08-07 15:16:21,124] [INFO] [main_window.py:734] Слайдер: Изменена сила размытия -> 25%
[2026-08-07 15:16:21,142] [INFO] [main_window.py:734] Слайдер: Изменена сила размытия -> 25%
[2026-08-07 15:16:21,200] [INFO] [main_window.py:734] Слайдер: Изменена сила размытия -> 25%
[2026-08-07 15:16:21,263] [INFO] [main_window.py:734] Слайдер: Изменена сила размытия -> 24%
[2026-08-07 15:16:21,280] [INFO] [main_window.py:734] Слайдер: Изменена сила размытия -> 24%
[2026-08-07 15:16:21,338] [INFO] [main_window.py:734] Слайдер: Изменена сила размытия -> 23%
[2026-08-07 15:16:21,503] [INFO] [main_window.py:734] Слайдер: Изменена сила размытия -> 23%
[2026-08-07 15:16:21,561] [INFO] [main_window.py:734] Слайдер: Изменена сила размытия -> 21%
[2026-08-07 15:16:21,577] [INFO] [main_window.py:734] Слайдер: Изменена сила размытия -> 20%
[2026-08-07 15:16:21,638] [INFO] [main_window.py:734] Слайдер: Изменена сила размытия -> 18%
[2026-08-07 15:16:21,652] [INFO] [main_window.py:734] Слайдер: Изменена сила размытия -> 18%
[2026-08-07 15:16:21,708] [INFO] [main_window.py:734] Слайдер: Изменена сила размытия -> 17%
[2026-08-07 15:16:22,246] [INFO] [main_window.py:734] Слайдер: Изменена сила размытия -> 16%
[2026-08-07 15:16:22,261] [INFO] [main_window.py:734] Слайдер: Изменена сила размытия -> 16%
[2026-08-07 15:16:22,319] [INFO] [main_window.py:734] Слайдер: Изменена сила размытия -> 14%
[2026-08-07 15:16:22,381] [INFO] [main_window.py:734] Слайдер: Изменена сила размытия -> 14%
[2026-08-07 15:16:22,395] [INFO] [main_window.py:734] Слайдер: Изменена сила размытия -> 13%
[2026-08-07 15:16:22,449] [INFO] [main_window.py:734] Слайдер: Изменена сила размытия -> 10%
[2026-08-07 15:16:22,461] [INFO] [main_window.py:734] Слайдер: Изменена сила размытия -> 10%
[2026-08-07 15:16:22,514] [INFO] [main_window.py:734] Слайдер: Изменена сила размытия -> 8%
[2026-08-07 15:16:22,568] [INFO] [main_window.py:734] Слайдер: Изменена сила размытия -> 8%
[2026-08-07 15:16:22,978] [INFO] [main_window.py:734] Слайдер: Изменена сила размытия -> 8%
[2026-08-07 15:16:23,044] [INFO] [main_window.py:734] Слайдер: Изменена сила размытия -> 9%
[2026-08-07 15:16:23,099] [INFO] [main_window.py:734] Слайдер: Изменена сила размытия -> 10%
[2026-08-07 15:16:23,111] [INFO] [main_window.py:734] Слайдер: Изменена сила размытия -> 10%
[2026-08-07 15:16:23,168] [INFO] [main_window.py:734] Слайдер: Изменена сила размытия -> 11%
[2026-08-07 15:16:23,215] [INFO] [main_window.py:734] Слайдер: Изменена сила размытия -> 12%
[2026-08-07 15:16:23,273] [INFO] [main_window.py:734] Слайдер: Изменена сила размытия -> 13%
[2026-08-07 15:16:23,336] [INFO] [main_window.py:734] Слайдер: Изменена сила размытия -> 13%
[2026-08-07 15:16:23,394] [INFO] [main_window.py:734] Слайдер: Изменена сила размытия -> 14%
[2026-08-07 15:16:23,407] [INFO] [main_window.py:734] Слайдер: Изменена сила размытия -> 14%
[2026-08-07 15:16:23,461] [INFO] [main_window.py:734] Слайдер: Изменена сила размытия -> 15%
[2026-08-07 15:16:23,475] [INFO] [main_window.py:734] Слайдер: Изменена сила размытия -> 15%
[2026-08-07 15:16:23,530] [INFO] [main_window.py:734] Слайдер: Изменена сила размытия -> 16%
[2026-08-07 15:16:23,586] [INFO] [main_window.py:734] Слайдер: Изменена сила размытия -> 17%
[2026-08-07 15:16:23,665] [INFO] [main_window.py:734] Слайдер: Изменена сила размытия -> 17%
[2026-08-07 15:16:23,720] [INFO] [main_window.py:734] Слайдер: Изменена сила размытия -> 17%
[2026-08-07 15:16:23,777] [INFO] [main_window.py:734] Слайдер: Изменена сила размытия -> 19%
[2026-08-07 15:16:23,793] [INFO] [main_window.py:734] Слайдер: Изменена сила размытия -> 19%
[2026-08-07 15:16:23,854] [INFO] [main_window.py:734] Слайдер: Изменена сила размытия -> 20%
[2026-08-07 15:16:24,094] [INFO] [main_window.py:734] Слайдер: Изменена сила размытия -> 20%
[2026-08-07 15:16:27,140] [INFO] [main_window.py:1171] Событие: Кнопка Play/Pause нажата. Статус: PLAY
[2026-08-07 15:16:29,266] [INFO] [main_window.py:1171] Событие: Кнопка Play/Pause нажата. Статус: PAUSE
[2026-08-07 15:16:32,045] [INFO] [main_window.py:1122] Переключение состояния блюра для ID #9: ВЫКЛ
[2026-08-07 15:16:35,591] [INFO] [main_window.py:1164] Событие: Перемотка слайдером на кадр #49
[2026-08-07 15:16:35,836] [INFO] [main_window.py:1164] Событие: Перемотка слайдером на кадр #50
[2026-08-07 15:16:35,891] [INFO] [main_window.py:1164] Событие: Перемотка слайдером на кадр #58
[2026-08-07 15:16:35,906] [INFO] [main_window.py:1164] Событие: Перемотка слайдером на кадр #62
[2026-08-07 15:16:35,962] [INFO] [main_window.py:1164] Событие: Перемотка слайдером на кадр #75
[2026-08-07 15:16:35,977] [INFO] [main_window.py:1164] Событие: Перемотка слайдером на кадр #77
[2026-08-07 15:16:36,032] [INFO] [main_window.py:1164] Событие: Перемотка слайдером на кадр #84
[2026-08-07 15:16:36,046] [INFO] [main_window.py:1164] Событие: Перемотка слайдером на кадр #85
[2026-08-07 15:16:36,102] [INFO] [main_window.py:1164] Событие: Перемотка слайдером на кадр #91
[2026-08-07 15:16:36,116] [INFO] [main_window.py:1164] Событие: Перемотка слайдером на кадр #93
[2026-08-07 15:16:36,171] [INFO] [main_window.py:1164] Событие: Перемотка слайдером на кадр #95
[2026-08-07 15:16:36,227] [INFO] [main_window.py:1164] Событие: Перемотка слайдером на кадр #96
[2026-08-07 15:16:36,241] [INFO] [main_window.py:1164] Событие: Перемотка слайдером на кадр #96
[2026-08-07 15:16:36,296] [INFO] [main_window.py:1164] Событие: Перемотка слайдером на кадр #100
[2026-08-07 15:16:36,311] [INFO] [main_window.py:1164] Событие: Перемотка слайдером на кадр #101
[2026-08-07 15:16:36,366] [INFO] [main_window.py:1164] Событие: Перемотка слайдером на кадр #107
[2026-08-07 15:16:36,381] [INFO] [main_window.py:1164] Событие: Перемотка слайдером на кадр #108
[2026-08-07 15:16:36,436] [INFO] [main_window.py:1164] Событие: Перемотка слайдером на кадр #113
[2026-08-07 15:16:36,450] [INFO] [main_window.py:1164] Событие: Перемотка слайдером на кадр #114
[2026-08-07 15:16:36,505] [INFO] [main_window.py:1164] Событие: Перемотка слайдером на кадр #117
[2026-08-07 15:16:36,520] [INFO] [main_window.py:1164] Событие: Перемотка слайдером на кадр #118
[2026-08-07 15:16:36,575] [INFO] [main_window.py:1164] Событие: Перемотка слайдером на кадр #124
[2026-08-07 15:16:36,589] [INFO] [main_window.py:1164] Событие: Перемотка слайдером на кадр #125
[2026-08-07 15:16:36,644] [INFO] [main_window.py:1164] Событие: Перемотка слайдером на кадр #128
[2026-08-07 15:16:36,701] [INFO] [main_window.py:1164] Событие: Перемотка слайдером на кадр #131
[2026-08-07 15:16:36,759] [INFO] [main_window.py:1164] Событие: Перемотка слайдером на кадр #135
[2026-08-07 15:16:36,815] [INFO] [main_window.py:1164] Событие: Перемотка слайдером на кадр #137
[2026-08-07 15:16:36,871] [INFO] [main_window.py:1164] Событие: Перемотка слайдером на кадр #139
[2026-08-07 15:16:36,886] [INFO] [main_window.py:1164] Событие: Перемотка слайдером на кадр #140
[2026-08-07 15:16:36,940] [INFO] [main_window.py:1164] Событие: Перемотка слайдером на кадр #142
[2026-08-07 15:16:36,954] [INFO] [main_window.py:1164] Событие: Перемотка слайдером на кадр #143
[2026-08-07 15:16:37,009] [INFO] [main_window.py:1164] Событие: Перемотка слайдером на кадр #145
[2026-08-07 15:16:37,178] [INFO] [main_window.py:1164] Событие: Перемотка слайдером на кадр #144
[2026-08-07 15:16:37,236] [INFO] [main_window.py:1164] Событие: Перемотка слайдером на кадр #143
[2026-08-07 15:16:37,250] [INFO] [main_window.py:1164] Событие: Перемотка слайдером на кадр #142
[2026-08-07 15:16:37,305] [INFO] [main_window.py:1164] Событие: Перемотка слайдером на кадр #140
[2026-08-07 15:16:37,319] [INFO] [main_window.py:1164] Событие: Перемотка слайдером на кадр #139
[2026-08-07 15:16:37,378] [INFO] [main_window.py:1164] Событие: Перемотка слайдером на кадр #136
[2026-08-07 15:16:37,478] [INFO] [main_window.py:1164] Событие: Перемотка слайдером на кадр #135
[2026-08-07 15:16:37,561] [INFO] [main_window.py:1164] Событие: Перемотка слайдером на кадр #133
[2026-08-07 15:16:37,617] [INFO] [main_window.py:1164] Событие: Перемотка слайдером на кадр #132
[2026-08-07 15:16:37,671] [INFO] [main_window.py:1164] Событие: Перемотка слайдером на кадр #131
[2026-08-07 15:16:37,782] [INFO] [main_window.py:1164] Событие: Перемотка слайдером на кадр #130
[2026-08-07 15:16:37,838] [INFO] [main_window.py:1164] Событие: Перемотка слайдером на кадр #128
[2026-08-07 15:16:37,852] [INFO] [main_window.py:1164] Событие: Перемотка слайдером на кадр #127
[2026-08-07 15:16:38,183] [INFO] [main_window.py:1164] Событие: Перемотка слайдером на кадр #128
[2026-08-07 15:16:40,966] [INFO] [main_window.py:1122] Переключение состояния блюра для ID #18: ВЫКЛ
[2026-08-07 15:16:43,116] [INFO] [main_window.py:1164] Событие: Перемотка слайдером на кадр #137
[2026-08-07 15:16:43,365] [INFO] [main_window.py:1164] Событие: Перемотка слайдером на кадр #138
[2026-08-07 15:16:43,379] [INFO] [main_window.py:1164] Событие: Перемотка слайдером на кадр #139
[2026-08-07 15:16:43,434] [INFO] [main_window.py:1164] Событие: Перемотка слайдером на кадр #143
[2026-08-07 15:16:43,448] [INFO] [main_window.py:1164] Событие: Перемотка слайдером на кадр #144
[2026-08-07 15:16:43,502] [INFO] [main_window.py:1164] Событие: Перемотка слайдером на кадр #147
[2026-08-07 15:16:43,558] [INFO] [main_window.py:1164] Событие: Перемотка слайдером на кадр #148
[2026-08-07 15:16:43,623] [INFO] [main_window.py:1164] Событие: Перемотка слайдером на кадр #149
[2026-08-07 15:16:43,683] [INFO] [main_window.py:1164] Событие: Перемотка слайдером на кадр #154
[2026-08-07 15:16:43,697] [INFO] [main_window.py:1164] Событие: Перемотка слайдером на кадр #155
[2026-08-07 15:16:43,752] [INFO] [main_window.py:1164] Событие: Перемотка слайдером на кадр #160
[2026-08-07 15:16:43,766] [INFO] [main_window.py:1164] Событие: Перемотка слайдером на кадр #161
[2026-08-07 15:16:43,822] [INFO] [main_window.py:1164] Событие: Перемотка слайдером на кадр #165
[2026-08-07 15:16:43,836] [INFO] [main_window.py:1164] Событие: Перемотка слайдером на кадр #166
[2026-08-07 15:16:43,892] [INFO] [main_window.py:1164] Событие: Перемотка слайдером на кадр #172
[2026-08-07 15:16:43,907] [INFO] [main_window.py:1164] Событие: Перемотка слайдером на кадр #174
[2026-08-07 15:16:43,962] [INFO] [main_window.py:1164] Событие: Перемотка слайдером на кадр #180
[2026-08-07 15:16:43,976] [INFO] [main_window.py:1164] Событие: Перемотка слайдером на кадр #181
[2026-08-07 15:16:44,031] [INFO] [main_window.py:1164] Событие: Перемотка слайдером на кадр #187
[2026-08-07 15:16:44,046] [INFO] [main_window.py:1164] Событие: Перемотка слайдером на кадр #188
[2026-08-07 15:16:44,101] [INFO] [main_window.py:1164] Событие: Перемотка слайдером на кадр #192
[2026-08-07 15:16:44,115] [INFO] [main_window.py:1164] Событие: Перемотка слайдером на кадр #194
[2026-08-07 15:16:44,170] [INFO] [main_window.py:1164] Событие: Перемотка слайдером на кадр #198
[2026-08-07 15:16:44,185] [INFO] [main_window.py:1164] Событие: Перемотка слайдером на кадр #199
[2026-08-07 15:16:44,241] [INFO] [main_window.py:1164] Событие: Перемотка слайдером на кадр #203
[2026-08-07 15:16:44,255] [INFO] [main_window.py:1164] Событие: Перемотка слайдером на кадр #204
[2026-08-07 15:16:44,311] [INFO] [main_window.py:1164] Событие: Перемотка слайдером на кадр #209
[2026-08-07 15:16:44,324] [INFO] [main_window.py:1164] Событие: Перемотка слайдером на кадр #210
[2026-08-07 15:16:44,383] [INFO] [main_window.py:1164] Событие: Перемотка слайдером на кадр #216
[2026-08-07 15:16:44,397] [INFO] [main_window.py:1164] Событие: Перемотка слайдером на кадр #218
[2026-08-07 15:16:44,452] [INFO] [main_window.py:1164] Событие: Перемотка слайдером на кадр #224
[2026-08-07 15:16:44,466] [INFO] [main_window.py:1164] Событие: Перемотка слайдером на кадр #226
[2026-08-07 15:16:44,521] [INFO] [main_window.py:1164] Событие: Перемотка слайдером на кадр #230
[2026-08-07 15:16:44,535] [INFO] [main_window.py:1164] Событие: Перемотка слайдером на кадр #231
[2026-08-07 15:16:44,591] [INFO] [main_window.py:1164] Событие: Перемотка слайдером на кадр #238
[2026-08-07 15:16:44,605] [INFO] [main_window.py:1164] Событие: Перемотка слайдером на кадр #240
[2026-08-07 15:16:44,664] [INFO] [main_window.py:1164] Событие: Перемотка слайдером на кадр #246
[2026-08-07 15:16:44,679] [INFO] [main_window.py:1164] Событие: Перемотка слайдером на кадр #247
[2026-08-07 15:16:44,740] [INFO] [main_window.py:1164] Событие: Перемотка слайдером на кадр #250
[2026-08-07 15:16:44,755] [INFO] [main_window.py:1164] Событие: Перемотка слайдером на кадр #251
[2026-08-07 15:16:44,815] [INFO] [main_window.py:1164] Событие: Перемотка слайдером на кадр #254
[2026-08-07 15:16:44,830] [INFO] [main_window.py:1164] Событие: Перемотка слайдером на кадр #255
[2026-08-07 15:16:44,885] [INFO] [main_window.py:1164] Событие: Перемотка слайдером на кадр #260
[2026-08-07 15:16:44,899] [INFO] [main_window.py:1164] Событие: Перемотка слайдером на кадр #262
[2026-08-07 15:16:44,958] [INFO] [main_window.py:1164] Событие: Перемотка слайдером на кадр #268
[2026-08-07 15:16:44,972] [INFO] [main_window.py:1164] Событие: Перемотка слайдером на кадр #269
[2026-08-07 15:16:45,027] [INFO] [main_window.py:1164] Событие: Перемотка слайдером на кадр #272
[2026-08-07 15:16:45,040] [INFO] [main_window.py:1164] Событие: Перемотка слайдером на кадр #273
[2026-08-07 15:16:45,098] [INFO] [main_window.py:1164] Событие: Перемотка слайдером на кадр #277
[2026-08-07 15:16:45,486] [INFO] [main_window.py:1164] Событие: Перемотка слайдером на кадр #275
[2026-08-07 15:16:45,541] [INFO] [main_window.py:1164] Событие: Перемотка слайдером на кадр #273
[2026-08-07 15:16:45,555] [INFO] [main_window.py:1164] Событие: Перемотка слайдером на кадр #272
[2026-08-07 15:16:45,610] [INFO] [main_window.py:1164] Событие: Перемотка слайдером на кадр #271
[2026-08-07 15:16:45,624] [INFO] [main_window.py:1164] Событие: Перемотка слайдером на кадр #270
[2026-08-07 15:16:45,679] [INFO] [main_window.py:1164] Событие: Перемотка слайдером на кадр #262
[2026-08-07 15:16:45,694] [INFO] [main_window.py:1164] Событие: Перемотка слайдером на кадр #260
[2026-08-07 15:16:45,749] [INFO] [main_window.py:1164] Событие: Перемотка слайдером на кадр #258
[2026-08-07 15:16:48,833] [INFO] [main_window.py:1122] Переключение состояния блюра для ID #22: ВЫКЛ
[2026-08-07 15:16:59,758] [INFO] [main_window.py:376] Вызван метод on_closing. Уничтожение приложения.
[2026-08-07 15:16:59,759] [INFO] [main_window.py:919] Очистка UI галереи объектов...
